  gm_q4: 50/1702 pairs, 100 endpoints, PASS 100, artifact certified 100 (30s)
  gm_q4: 100/1702 pairs, 200 endpoints, PASS 200, artifact certified 200 (49s)
  gm_q4: 150/1702 pairs, 300 endpoints, PASS 300, artifact certified 300 (66s)
  gm_q4: 200/1702 pairs, 400 endpoints, PASS 400, artifact certified 400 (84s)
  gm_q4: 250/1702 pairs, 500 endpoints, PASS 500, artifact certified 500 (106s)
  gm_q4: 300/1702 pairs, 600 endpoints, PASS 600, artifact certified 600 (131s)
  gm_q4: 350/1702 pairs, 700 endpoints, PASS 700, artifact certified 700 (158s)
  gm_q4: 400/1702 pairs, 800 endpoints, PASS 800, artifact certified 800 (207s)
  gm_q4: 450/1702 pairs, 900 endpoints, PASS 900, artifact certified 900 (229s)
  gm_q4: 500/1702 pairs, 1000 endpoints, PASS 1000, artifact certified 1000 (246s)
  gm_q4: 550/1702 pairs, 1100 endpoints, PASS 1100, artifact certified 1100 (267s)
  gm_q4: 600/1702 pairs, 1200 endpoints, PASS 1200, artifact certified 1200 (293s)
  gm_q4: 650/1702 pairs, 1300 endpoints, PASS 1300, artifact certified 1300 (314s)
  gm_q4: 700/1702 pairs, 1400 endpoints, PASS 1400, artifact certified 1400 (340s)
  gm_q4: 750/1702 pairs, 1500 endpoints, PASS 1500, artifact certified 1500 (364s)
  gm_q4: 800/1702 pairs, 1600 endpoints, PASS 1600, artifact certified 1600 (386s)
  gm_q4: 850/1702 pairs, 1700 endpoints, PASS 1700, artifact certified 1700 (413s)
  gm_q4: 900/1702 pairs, 1800 endpoints, PASS 1800, artifact certified 1800 (433s)
  gm_q4: 950/1702 pairs, 1900 endpoints, PASS 1900, artifact certified 1900 (454s)
  gm_q4: 1000/1702 pairs, 2000 endpoints, PASS 2000, artifact certified 2000 (473s)
  gm_q4: 1050/1702 pairs, 2100 endpoints, PASS 2100, artifact certified 2100 (501s)
  gm_q4: 1100/1702 pairs, 2200 endpoints, PASS 2200, artifact certified 2200 (525s)
  gm_q4: 1150/1702 pairs, 2300 endpoints, PASS 2300, artifact certified 2300 (570s)
  gm_q4: 1200/1702 pairs, 2400 endpoints, PASS 2400, artifact certified 2400 (598s)
  gm_q4: 1250/1702 pairs, 2500 endpoints, PASS 2500, artifact certified 2500 (614s)
  gm_q4: 1300/1702 pairs, 2600 endpoints, PASS 2600, artifact certified 2600 (642s)
  gm_q4: 1350/1702 pairs, 2700 endpoints, PASS 2700, artifact certified 2700 (664s)
  gm_q4: 1400/1702 pairs, 2800 endpoints, PASS 2800, artifact certified 2800 (685s)
  gm_q4: 1450/1702 pairs, 2900 endpoints, PASS 2900, artifact certified 2900 (717s)
  gm_q4: 1500/1702 pairs, 3000 endpoints, PASS 3000, artifact certified 3000 (757s)
  gm_q4: 1550/1702 pairs, 3100 endpoints, PASS 3100, artifact certified 3100 (782s)
  gm_q4: 1600/1702 pairs, 3200 endpoints, PASS 3200, artifact certified 3200 (803s)
  gm_q4: 1650/1702 pairs, 3300 endpoints, PASS 3300, artifact certified 3300 (839s)
  gm_q4: 1700/1702 pairs, 3400 endpoints, PASS 3400, artifact certified 3400 (869s)
gm_q4: 3404 endpoints — PASS 3404, FAIL 0; producer endpoint certified by the exact bound: 3404; 870s
  gm_bad: 50/1702 pairs, 100 endpoints, PASS 100, artifact certified 100 (29s)
  gm_bad: 100/1702 pairs, 200 endpoints, PASS 200, artifact certified 200 (47s)
  gm_bad: 150/1702 pairs, 300 endpoints, PASS 300, artifact certified 300 (64s)
  gm_bad: 200/1702 pairs, 400 endpoints, PASS 400, artifact certified 400 (81s)
  gm_bad: 250/1702 pairs, 500 endpoints, PASS 500, artifact certified 500 (103s)
  gm_bad: 300/1702 pairs, 600 endpoints, PASS 600, artifact certified 600 (128s)
  gm_bad: 350/1702 pairs, 700 endpoints, PASS 700, artifact certified 700 (154s)
  gm_bad: 400/1702 pairs, 800 endpoints, PASS 800, artifact certified 800 (203s)
  gm_bad: 450/1702 pairs, 900 endpoints, PASS 900, artifact certified 900 (225s)
  gm_bad: 500/1702 pairs, 1000 endpoints, PASS 1000, artifact certified 1000 (244s)
  gm_bad: 550/1702 pairs, 1100 endpoints, PASS 1100, artifact certified 1100 (266s)
  gm_bad: 600/1702 pairs, 1200 endpoints, PASS 1200, artifact certified 1200 (292s)
  gm_bad: 650/1702 pairs, 1300 endpoints, PASS 1300, artifact certified 1300 (314s)
  gm_bad: 700/1702 pairs, 1400 endpoints, PASS 1400, artifact certified 1400 (340s)
  gm_bad: 750/1702 pairs, 1500 endpoints, PASS 1500, artifact certified 1500 (364s)
  gm_bad: 800/1702 pairs, 1600 endpoints, PASS 1600, artifact certified 1600 (387s)
  gm_bad: 850/1702 pairs, 1700 endpoints, PASS 1700, artifact certified 1700 (414s)
  gm_bad: 900/1702 pairs, 1800 endpoints, PASS 1800, artifact certified 1800 (434s)
  gm_bad: 950/1702 pairs, 1900 endpoints, PASS 1900, artifact certified 1900 (456s)
  gm_bad: 1000/1702 pairs, 2000 endpoints, PASS 2000, artifact certified 2000 (474s)
  gm_bad: 1050/1702 pairs, 2100 endpoints, PASS 2100, artifact certified 2100 (503s)
  gm_bad: 1100/1702 pairs, 2200 endpoints, PASS 2200, artifact certified 2200 (528s)
  gm_bad: 1150/1702 pairs, 2300 endpoints, PASS 2300, artifact certified 2300 (572s)
  gm_bad: 1200/1702 pairs, 2400 endpoints, PASS 2400, artifact certified 2400 (600s)
  gm_bad: 1250/1702 pairs, 2500 endpoints, PASS 2500, artifact certified 2500 (615s)
  gm_bad: 1300/1702 pairs, 2600 endpoints, PASS 2600, artifact certified 2600 (644s)
  gm_bad: 1350/1702 pairs, 2700 endpoints, PASS 2700, artifact certified 2700 (666s)
  gm_bad: 1400/1702 pairs, 2800 endpoints, PASS 2800, artifact certified 2800 (688s)
  gm_bad: 1450/1702 pairs, 2900 endpoints, PASS 2900, artifact certified 2900 (721s)
  gm_bad: 1500/1702 pairs, 3000 endpoints, PASS 3000, artifact certified 3000 (764s)
  gm_bad: 1550/1702 pairs, 3100 endpoints, PASS 3100, artifact certified 3100 (790s)
  gm_bad: 1600/1702 pairs, 3200 endpoints, PASS 3200, artifact certified 3200 (812s)
  gm_bad: 1650/1702 pairs, 3300 endpoints, PASS 3300, artifact certified 3300 (853s)
  gm_bad: 1700/1702 pairs, 3400 endpoints, PASS 3400, artifact certified 3400 (885s)
gm_bad: 3404 endpoints — PASS 3404, FAIL 0; producer endpoint certified by the exact bound: 3404; 886s
  georgia: 50/1931 pairs, 100 endpoints, PASS 100, artifact certified 100 (20s)
  georgia: 100/1931 pairs, 200 endpoints, PASS 200, artifact certified 200 (35s)
  georgia: 150/1931 pairs, 300 endpoints, PASS 300, artifact certified 300 (51s)
  georgia: 200/1931 pairs, 400 endpoints, PASS 400, artifact certified 400 (68s)
  georgia: 250/1931 pairs, 500 endpoints, PASS 500, artifact certified 500 (89s)
  georgia: 300/1931 pairs, 600 endpoints, PASS 600, artifact certified 600 (108s)
  georgia: 350/1931 pairs, 700 endpoints, PASS 700, artifact certified 700 (127s)
  georgia: 400/1931 pairs, 800 endpoints, PASS 800, artifact certified 800 (151s)
  georgia: 450/1931 pairs, 900 endpoints, PASS 900, artifact certified 900 (172s)
  georgia: 500/1931 pairs, 1000 endpoints, PASS 1000, artifact certified 1000 (192s)
  georgia: 550/1931 pairs, 1100 endpoints, PASS 1100, artifact certified 1100 (210s)
  georgia: 600/1931 pairs, 1200 endpoints, PASS 1200, artifact certified 1200 (232s)
  georgia: 650/1931 pairs, 1300 endpoints, PASS 1300, artifact certified 1300 (258s)
  georgia: 700/1931 pairs, 1400 endpoints, PASS 1400, artifact certified 1400 (282s)
  georgia: 750/1931 pairs, 1500 endpoints, PASS 1500, artifact certified 1500 (303s)
  georgia: 800/1931 pairs, 1600 endpoints, PASS 1600, artifact certified 1600 (332s)
  georgia: 850/1931 pairs, 1700 endpoints, PASS 1700, artifact certified 1700 (353s)
  georgia: 900/1931 pairs, 1800 endpoints, PASS 1800, artifact certified 1800 (372s)
  georgia: 950/1931 pairs, 1900 endpoints, PASS 1900, artifact certified 1900 (382s)
  georgia: 1000/1931 pairs, 2000 endpoints, PASS 2000, artifact certified 2000 (394s)
  georgia: 1050/1931 pairs, 2100 endpoints, PASS 2100, artifact certified 2100 (415s)
  georgia: 1100/1931 pairs, 2200 endpoints, PASS 2200, artifact certified 2200 (446s)
  georgia: 1150/1931 pairs, 2300 endpoints, PASS 2300, artifact certified 2300 (461s)
  georgia: 1200/1931 pairs, 2400 endpoints, PASS 2400, artifact certified 2400 (476s)
  georgia: 1250/1931 pairs, 2500 endpoints, PASS 2500, artifact certified 2500 (505s)
  georgia: 1300/1931 pairs, 2600 endpoints, PASS 2600, artifact certified 2600 (535s)
  georgia: 1350/1931 pairs, 2700 endpoints, PASS 2700, artifact certified 2700 (566s)
  georgia: 1400/1931 pairs, 2800 endpoints, PASS 2800, artifact certified 2800 (597s)
  georgia: 1450/1931 pairs, 2900 endpoints, PASS 2900, artifact certified 2900 (618s)
  georgia: 1500/1931 pairs, 3000 endpoints, PASS 3000, artifact certified 3000 (640s)
  georgia: 1550/1931 pairs, 3100 endpoints, PASS 3100, artifact certified 3100 (666s)
  georgia: 1600/1931 pairs, 3200 endpoints, PASS 3200, artifact certified 3200 (691s)
  georgia: 1650/1931 pairs, 3300 endpoints, PASS 3300, artifact certified 3300 (717s)
  georgia: 1700/1931 pairs, 3400 endpoints, PASS 3400, artifact certified 3400 (745s)
  georgia: 1750/1931 pairs, 3500 endpoints, PASS 3500, artifact certified 3500 (763s)
  georgia: 1800/1931 pairs, 3600 endpoints, PASS 3600, artifact certified 3600 (786s)
  georgia: 1850/1931 pairs, 3700 endpoints, PASS 3700, artifact certified 3700 (807s)
  georgia: 1900/1931 pairs, 3800 endpoints, PASS 3800, artifact certified 3800 (823s)
georgia: 3862 endpoints — PASS 3862, FAIL 0; producer endpoint certified by the exact bound: 3862; 838s
  mx_rwi: 50/459 pairs, 100 endpoints, PASS 100, artifact certified 100 (150s)
  mx_rwi: 100/459 pairs, 200 endpoints, PASS 200, artifact certified 200 (280s)
  mx_rwi: 150/459 pairs, 300 endpoints, PASS 300, artifact certified 300 (382s)
  mx_rwi: 200/459 pairs, 400 endpoints, PASS 400, artifact certified 400 (485s)
  mx_rwi: 250/459 pairs, 500 endpoints, PASS 500, artifact certified 500 (580s)
  mx_rwi: 300/459 pairs, 600 endpoints, PASS 600, artifact certified 600 (634s)
  mx_rwi: 350/459 pairs, 700 endpoints, PASS 700, artifact certified 700 (741s)
  mx_rwi: 400/459 pairs, 800 endpoints, PASS 800, artifact certified 800 (833s)
  mx_rwi: 450/459 pairs, 900 endpoints, PASS 900, artifact certified 900 (927s)
mx_rwi: 918 endpoints — PASS 918, FAIL 0; producer endpoint certified by the exact bound: 918; 935s
total 3530s
